exports[`test renders correctly 1`] = `
<View
  style={
    Object {
      "alignSelf": "stretch",
      "backgroundColor": "#FFFFFF",
      "borderBottomWidth": 12,
      "borderColor": "#FAF6F1",
      "flex": 1,
      "flexDirection": "row",
      "paddingVertical": 10,
    }
  }>
  <View
    style={
      Object {
        "alignItems": "center",
        "flex": 2,
        "flexDirection": "column",
      }
    }>
    <Image
      source={
        Object {
          "uri": "#",
        }
      }
      style={
        Array [
          Object {
            "borderRadius": 27,
            "height": 54,
            "width": 54,
          },
          undefined,
        ]
      } />
  </View>
  <View
    style={
      Object {
        "flex": 8,
        "flexDirection": "column",
      }
    }>
    <Text
      accessible={true}
      allowFontScaling={true}
      ellipsizeMode="tail"
      style={
        Array [
          Object {
            "color": "#654C50",
            "fontFamily": "Avenir",
            "fontSize": 18,
          },
          Array [
            Object {
              "color": "#44B5B1",
              "fontSize": 18,
            },
            Object {
              "fontFamily": "Avenir-Black",
            },
          ],
        ]
      }>
      foo bar
    </Text>
    <Text
      accessible={true}
      allowFontScaling={true}
      ellipsizeMode="tail"
      style={
        Array [
          Object {
            "color": "#654C50",
            "fontFamily": "Avenir",
            "fontSize": 18,
          },
          Array [
            Object {
              "fontSize": 13.5,
            },
            Object {
              "color": "#000000",
              "fontSize": 18,
            },
          ],
        ]
      }>
      Há segundos
    </Text>
    <Text
      accessible={true}
      allowFontScaling={true}
      ellipsizeMode="tail"
      style={
        Array [
          Object {
            "color": "#654C50",
            "fontFamily": "Avenir",
            "fontSize": 18,
          },
          Object {
            "color": "#807F7F",
            "fontSize": 15,
            "marginBottom": 6,
          },
        ]
      }>
      foo não descreveu sua experiência.
    </Text>
    <View
      style={
        Object {
          "flexDirection": "row",
          "marginBottom": 4,
        }
      }>
      <Text
        accessible={true}
        allowFontScaling={false}
        ellipsizeMode="tail"
        style={
          Array [
            Object {
              "color": "#654C50",
              "fontFamily": "Ionicons",
              "fontSize": 27,
              "fontStyle": "normal",
              "fontWeight": "normal",
            },
            Object {
              "color": "#FFBA00",
            },
          ]
        }>
        
      </Text>
      <Text
        accessible={true}
        allowFontScaling={false}
        ellipsizeMode="tail"
        style={
          Array [
            Object {
              "color": "#654C50",
              "fontFamily": "Ionicons",
              "fontSize": 27,
              "fontStyle": "normal",
              "fontWeight": "normal",
            },
            Object {
              "color": "#FFBA00",
            },
          ]
        }>
        
      </Text>
      <Text
        accessible={true}
        allowFontScaling={false}
        ellipsizeMode="tail"
        style={
          Array [
            Object {
              "color": "#654C50",
              "fontFamily": "Ionicons",
              "fontSize": 27,
              "fontStyle": "normal",
              "fontWeight": "normal",
            },
            Object {
              "color": "#FFBA00",
            },
          ]
        }>
        
      </Text>
      <Text
        accessible={true}
        allowFontScaling={false}
        ellipsizeMode="tail"
        style={
          Array [
            Object {
              "color": "#654C50",
              "fontFamily": "Ionicons",
              "fontSize": 27,
              "fontStyle": "normal",
              "fontWeight": "normal",
            },
            Object {
              "color": "#FFBA00",
            },
          ]
        }>
        
      </Text>
      <Text
        accessible={true}
        allowFontScaling={false}
        ellipsizeMode="tail"
        style={
          Array [
            Object {
              "color": "#654C50",
              "fontFamily": "Ionicons",
              "fontSize": 27,
              "fontStyle": "normal",
              "fontWeight": "normal",
            },
            Object {
              "color": "#FFBA00",
            },
          ]
        }>
        
      </Text>
    </View>
  </View>
</View>
`;
