exports[`test renders correctly 1`] = `
<ScrollView
  refreshControl={
    <RefreshControl
      colors={
        Array [
          "#FC9CA3",
          "#FEBCC3",
          "#FFF2F3",
        ]
      }
      onRefresh={[Function]}
      progressBackgroundColor="#FFFFFF"
      refreshing={false}
      tintColor="#FC9CA3"
      title="Carregando..." />
  }
  style={
    Object {
      "alignSelf": "stretch",
      "backgroundColor": "#FAF6F1",
      "flex": 1,
    }
  }>
  <View
    style={
      Object {
        "paddingBottom": 90,
      }
    }>
    Foo
  </View>
</ScrollView>
`;
